
> Configure project :
Fabric Loom: 1.14.10

> Task :checkKotlinGradlePluginConfigurationErrors SKIPPED
> Task :compileKotlin UP-TO-DATE
> Task :compileJava UP-TO-DATE

[Incubating] Problems report is available at: file:///E:/MCMODSIDE/HGBG/1.1.0/HGBG1.20.1/build/reports/problems/problems-report.html

Deprecated Gradle features were used in this build, making it incompatible with Gradle 10.

You can use '--warning-mode all' to show the individual deprecation warnings and determine if they come from your own scripts or plugins.

For more on this, please refer to https://docs.gradle.org/9.2.1/userguide/command_line_interface.html#sec:command_line_warnings in the Gradle documentation.

BUILD SUCCESSFUL in 3s
2 actionable tasks: 2 up-to-date
